
Survey server starting on http://0.0.0.0:5001
Open this URL in a browser or embed as an iframe widget.

Traceback (most recent call last):
  File "C:\Users\chand\OneDrive\Documents\GitHub\beamer-plus\survey_server.py", line 880, in <module>
    main()
    ~~~~^^
  File "C:\Users\chand\OneDrive\Documents\GitHub\beamer-plus\survey_server.py", line 876, in main
    socketio.run(app, host=args.host, port=args.port, debug=False,
    ~~~~~~~~~~~~^^^^^^^^^^^^^^^^^^^^^^^^^^^^^^^^^^^^^^^^^^^^^^^^^^
                 use_reloader=False, allow_unsafe_werkzeug=True)
                 ^^^^^^^^^^^^^^^^^^^^^^^^^^^^^^^^^^^^^^^^^^^^^^^
  File "C:\Users\chand\AppData\Local\Programs\Python\Python314\Lib\site-packages\flask_socketio\__init__.py", line 650, in run
    app.run(host=host, port=port, threaded=True,
    ~~~~~~~^^^^^^^^^^^^^^^^^^^^^^^^^^^^^^^^^^^^^
            use_reloader=use_reloader, **reloader_options, **kwargs)
            ^^^^^^^^^^^^^^^^^^^^^^^^^^^^^^^^^^^^^^^^^^^^^^^^^^^^^^^^
  File "C:\Users\chand\AppData\Local\Programs\Python\Python314\Lib\site-packages\flask\app.py", line 612, in run
    run_simple(t.cast(str, host), port, self, **options)
    ~~~~~~~~~~^^^^^^^^^^^^^^^^^^^^^^^^^^^^^^^^^^^^^^^^^^
  File "C:\Users\chand\AppData\Local\Programs\Python\Python314\Lib\site-packages\werkzeug\serving.py", line 1093, in run_simple
    srv = make_server(
        hostname,
    ...<7 lines>...
        fd=fd,
    )
  File "C:\Users\chand\AppData\Local\Programs\Python\Python314\Lib\site-packages\werkzeug\serving.py", line 930, in make_server
    return ThreadedWSGIServer(
        host, port, app, request_handler, passthrough_errors, ssl_context, fd=fd
    )
  File "C:\Users\chand\AppData\Local\Programs\Python\Python314\Lib\site-packages\werkzeug\serving.py", line 792, in __init__
    self.socket = socket.fromfd(fd, address_family, socket.SOCK_STREAM)
                  ~~~~~~~~~~~~~^^^^^^^^^^^^^^^^^^^^^^^^^^^^^^^^^^^^^^^^
  File "C:\Users\chand\AppData\Local\Programs\Python\Python314\Lib\socket.py", line 554, in fromfd
    nfd = dup(fd)
OSError: [WinError 10038] An operation was attempted on something that is not a socket
